////////////////////////////////////////////////////////////////////////////////
///////////////////InstallShield Media Library Report Summary///////////////////
////////////////////////////////////////////////////////////////////////////////

Media Name      : New Media
Report Filename : C:\Documents and Settings\Sean Sullivan\My Documents\WINBLIT\Installation\WinBlit\Media\New Media\Report Files\3-19-2002 8.42.44AM.rpt
Date            : 03/19/2002
Time            : 8:42AM

Number of Components:                3 
Number of File Groups:               7 
Number of Files:                     8 
Total Size of Files:           993,662 (bytes)

==========
COMPONENTS
==========


     TargetDir
     ExchangeExtension
     SelfRegDlls


////////////////////////////////////////////////////////////////////////////////
/////////////////////////////////Report Details/////////////////////////////////
////////////////////////////////////////////////////////////////////////////////


================================================================================
                             COMPONENT: "TargetDir"
================================================================================

SUMMARY:
    Total Files:                5 (files for this component only)
    Source Bytes:         330,110 (files for this component only)


                        **** File Group: "BlitPad" ****


<Directory>: C:\Documents and Settings\Sean Sullivan\My Documents\WinBlit\WinBlitPad\Export\Run

    Filename                    Date        Time      Size         Version      
    --------------------------  ----------  --------  -----------  -------------
    BlitPad.exe                 03/19/2002  07:39:19      143,360  2.0.0.1      
    --------------------------  ----------  --------  -----------  -------------
    Count=1                                               143,360               


                       **** File Group: "Help Files" ****


<Directory>: C:\Documents and Settings\Sean Sullivan\My Documents\WINBLIT\Help Files\HTMLHelp

    Filename                    Date        Time      Size         Version      
    --------------------------  ----------  --------  -----------  -------------
    WinBlit Proofread.chm       03/13/2002  12:21:23       34,491               
    --------------------------  ----------  --------  -----------  -------------
    Count=1                                                34,491               


                          **** File Group: "Reg" ****


<Directory>: C:\Documents and Settings\Sean Sullivan\My Documents\WinBlit\Registry

    Filename                    Date        Time      Size         Version      
    --------------------------  ----------  --------  -----------  -------------
    WinBlit.reg                 03/18/2002  21:25:39        7,278               
    --------------------------  ----------  --------  -----------  -------------
    Count=1                                                 7,278               


<Directory>: C:\Documents and Settings\Sean Sullivan\My Documents\WINBLIT\PAD

    Filename                    Date        Time      Size         Version      
    --------------------------  ----------  --------  -----------  -------------
    pad_file.xml                03/18/2002  19:33:50        7,253               
    --------------------------  ----------  --------  -----------  -------------
    Count=1                                                 7,253               


                     **** File Group: "Word Template" ****


<Directory>: C:\Documents and Settings\Sean Sullivan\My Documents\WinBlit\Office

    Filename                    Date        Time      Size         Version      
    --------------------------  ----------  --------  -----------  -------------
    WinBlitTemplate.dot         03/12/2002  16:13:17      137,728               
    --------------------------  ----------  --------  -----------  -------------
    Count=1                                               137,728               


================================================================================
                         COMPONENT: "ExchangeExtension"
================================================================================

SUMMARY:
    Total Files:                1 (files for this component only)
    Source Bytes:         448,894 (files for this component only)


                   **** File Group: "ExchangeExtension" ****


<Directory>: C:\Documents and Settings\Sean Sullivan\My Documents\WinBlit\WinBlitExchangeExtension\export\run

    Filename                    Date        Time      Size         Version      
    --------------------------  ----------  --------  -----------  -------------
    ...itExchangeExtension.dll  03/19/2002  07:19:17      118,784  2.0.0.1      
    --------------------------  ----------  --------  -----------  -------------
    Count=1                                               118,784               


================================================================================
                            COMPONENT: "SelfRegDlls"
================================================================================

SUMMARY:
    Total Files:                2 (files for this component only)
    Source Bytes:         993,662 (files for this component only)


                     **** File Group: "ReaderManager" ****


<Directory>: C:\Documents and Settings\Sean Sullivan\My Documents\WinBlit\WinBlitReaderManager\Export\Run

    Filename                    Date        Time      Size         Version      
    --------------------------  ----------  --------  -----------  -------------
    WinBlitReaderManager.dll    03/19/2002  07:16:41      413,696  2.0.0.1      
    --------------------------  ----------  --------  -----------  -------------
    Count=1                                               413,696               


                        **** File Group: "WebBand" ****


<Directory>: C:\Documents and Settings\Sean Sullivan\My Documents\WinBlit\WinBlitWebBand\export\run

    Filename                    Date        Time      Size         Version      
    --------------------------  ----------  --------  -----------  -------------
    WinBlitWebBand.dll          03/19/2002  07:17:54      131,072  2.0.0.1      
    --------------------------  ----------  --------  -----------  -------------
    Count=1                                               131,072               
